IsCapacity: 0
LeqCapacity: 0
IsLength: 0
LeqLength: 0
IsCapacity: 0
LeqCapacity: 1
IsLength: 0
LeqLength: 1
