IsCapacity: 0
LeqCapacity: 1
IsLength: 1
LeqLength: 1
