IsCapacity: 1
LeqCapacity: 1
IsLength: 0
LeqLength: 0
